测试结果: Sun Mar 15 11:36:08 PM CST 2026
